com/geoderp/geoextras/Misc/LapisElevators.class
com/geoderp/geoextras/Silly/JankStep.class
com/geoderp/geoextras/Magic/Enchants/Prospecting.class
com/geoderp/geoextras/Farm/Harvest.class
com/geoderp/geoextras/Main.class
com/geoderp/geoextras/Artifacts/GeoArtifact.class
com/geoderp/geoextras/Magic/Enchants/Hewing.class
com/geoderp/geoextras/Silly/PissCreepers.class
com/geoderp/geoextras/Misc/SilkSpawners.class
com/geoderp/geoextras/Silly/MountTeleport.class
com/geoderp/geoextras/Farm/Moist.class
com/geoderp/geoextras/Chat/Poggers.class
com/geoderp/geoextras/Chat/BlameGeo.class
com/geoderp/geoextras/Chat/Heart.class
com/geoderp/geoextras/Magic/PlayerTempventory.class
com/geoderp/geoextras/Farm/Scythe.class
com/geoderp/geoextras/Magic/Caster.class
com/geoderp/geoextras/Farm/ExtraGrow.class
com/geoderp/geoextras/Magic/Enchants/Forge.class
com/geoderp/geoextras/Magic/Enchants/Deathwoven.class
com/geoderp/geoextras/Magic/Enchants/Quarrying$1.class
com/geoderp/geoextras/Magic/Enchants/Illumination.class
com/geoderp/geoextras/Farm/Moist$1.class
com/geoderp/geoextras/Magic/Magic.class
com/geoderp/geoextras/Magic/MagicList.class
com/geoderp/geoextras/Magic/Enchants/Drain.class
com/geoderp/geoextras/Silly/Explode.class
com/geoderp/geoextras/Chat/GeoExtras.class
com/geoderp/geoextras/Artifacts/ArtifactRequirements.class
com/geoderp/geoextras/Magic/ConflictChecker.class
com/geoderp/geoextras/Artifacts/Magnet.class
com/geoderp/geoextras/Magic/Enchants/Quarrying.class
com/geoderp/geoextras/Artifacts/Zoomies.class
com/geoderp/geoextras/Magic/Magic$BaseType.class
com/geoderp/geoextras/Chat/RNG.class
