/home/ryan/Software/Java/GeoExtras/geoextras/src/main/java/com/geoderp/geoextras/Artifacts/ArtifactRequirements.java
/home/ryan/Software/Java/GeoExtras/geoextras/src/main/java/com/geoderp/geoextras/Artifacts/GeoArtifact.java
/home/ryan/Software/Java/GeoExtras/geoextras/src/main/java/com/geoderp/geoextras/Artifacts/Magnet.java
/home/ryan/Software/Java/GeoExtras/geoextras/src/main/java/com/geoderp/geoextras/Artifacts/Zoomies.java
/home/ryan/Software/Java/GeoExtras/geoextras/src/main/java/com/geoderp/geoextras/Chat/BlameGeo.java
/home/ryan/Software/Java/GeoExtras/geoextras/src/main/java/com/geoderp/geoextras/Chat/GeoExtras.java
/home/ryan/Software/Java/GeoExtras/geoextras/src/main/java/com/geoderp/geoextras/Chat/Heart.java
/home/ryan/Software/Java/GeoExtras/geoextras/src/main/java/com/geoderp/geoextras/Chat/Poggers.java
/home/ryan/Software/Java/GeoExtras/geoextras/src/main/java/com/geoderp/geoextras/Chat/RNG.java
/home/ryan/Software/Java/GeoExtras/geoextras/src/main/java/com/geoderp/geoextras/Farm/ExtraGrow.java
/home/ryan/Software/Java/GeoExtras/geoextras/src/main/java/com/geoderp/geoextras/Farm/Harvest.java
/home/ryan/Software/Java/GeoExtras/geoextras/src/main/java/com/geoderp/geoextras/Farm/Moist.java
/home/ryan/Software/Java/GeoExtras/geoextras/src/main/java/com/geoderp/geoextras/Farm/Scythe.java
/home/ryan/Software/Java/GeoExtras/geoextras/src/main/java/com/geoderp/geoextras/Magic/Caster.java
/home/ryan/Software/Java/GeoExtras/geoextras/src/main/java/com/geoderp/geoextras/Magic/ConflictChecker.java
/home/ryan/Software/Java/GeoExtras/geoextras/src/main/java/com/geoderp/geoextras/Magic/Enchants/Deathwoven.java
/home/ryan/Software/Java/GeoExtras/geoextras/src/main/java/com/geoderp/geoextras/Magic/Enchants/Drain.java
/home/ryan/Software/Java/GeoExtras/geoextras/src/main/java/com/geoderp/geoextras/Magic/Enchants/Forge.java
/home/ryan/Software/Java/GeoExtras/geoextras/src/main/java/com/geoderp/geoextras/Magic/Enchants/Hewing.java
/home/ryan/Software/Java/GeoExtras/geoextras/src/main/java/com/geoderp/geoextras/Magic/Enchants/Illumination.java
/home/ryan/Software/Java/GeoExtras/geoextras/src/main/java/com/geoderp/geoextras/Magic/Enchants/Prospecting.java
/home/ryan/Software/Java/GeoExtras/geoextras/src/main/java/com/geoderp/geoextras/Magic/Enchants/Quarrying.java
/home/ryan/Software/Java/GeoExtras/geoextras/src/main/java/com/geoderp/geoextras/Magic/Magic.java
/home/ryan/Software/Java/GeoExtras/geoextras/src/main/java/com/geoderp/geoextras/Magic/MagicList.java
/home/ryan/Software/Java/GeoExtras/geoextras/src/main/java/com/geoderp/geoextras/Magic/PlayerTempventory.java
/home/ryan/Software/Java/GeoExtras/geoextras/src/main/java/com/geoderp/geoextras/Main.java
/home/ryan/Software/Java/GeoExtras/geoextras/src/main/java/com/geoderp/geoextras/Misc/LapisElevators.java
/home/ryan/Software/Java/GeoExtras/geoextras/src/main/java/com/geoderp/geoextras/Misc/SilkSpawners.java
/home/ryan/Software/Java/GeoExtras/geoextras/src/main/java/com/geoderp/geoextras/Silly/Explode.java
/home/ryan/Software/Java/GeoExtras/geoextras/src/main/java/com/geoderp/geoextras/Silly/JankStep.java
/home/ryan/Software/Java/GeoExtras/geoextras/src/main/java/com/geoderp/geoextras/Silly/MountTeleport.java
/home/ryan/Software/Java/GeoExtras/geoextras/src/main/java/com/geoderp/geoextras/Silly/PissCreepers.java
